------------------------------------------------------------
TimeQuest Timing Analyzer Summary
------------------------------------------------------------

Type  : Slow 1100mV 85C Model Setup '\PLL_RTL:PLL_inst|pll_inst|altera_pll_i|general[0].gpll~PLL_OUTPUT_COUNTER|divclk'
Slack : -14.647
TNS   : -255.650

Type  : Slow 1100mV 85C Model Setup 'altera_reserved_tck'
Slack : 11.018
TNS   : 0.000

Type  : Slow 1100mV 85C Model Hold '\PLL_RTL:PLL_inst|pll_inst|altera_pll_i|general[0].gpll~PLL_OUTPUT_COUNTER|divclk'
Slack : 0.421
TNS   : 0.000

Type  : Slow 1100mV 85C Model Hold 'altera_reserved_tck'
Slack : 0.600
TNS   : 0.000

Type  : Slow 1100mV 85C Model Recovery 'altera_reserved_tck'
Slack : 30.142
TNS   : 0.000

Type  : Slow 1100mV 85C Model Removal 'altera_reserved_tck'
Slack : 1.042
TNS   : 0.000

Type  : Slow 1100mV 85C Model Minimum Pulse Width '\PLL_RTL:PLL_inst|pll_inst|altera_pll_i|general[0].gpll~FRACTIONAL_PLL|vcoph[0]'
Slack : 1.666
TNS   : 0.000

Type  : Slow 1100mV 85C Model Minimum Pulse Width '\PLL_RTL:PLL_inst|pll_inst|altera_pll_i|general[0].gpll~PLL_OUTPUT_COUNTER|divclk'
Slack : 3.630
TNS   : 0.000

Type  : Slow 1100mV 85C Model Minimum Pulse Width 'CLOCK_50'
Slack : 9.731
TNS   : 0.000

Type  : Slow 1100mV 85C Model Minimum Pulse Width 'altera_reserved_tck'
Slack : 15.073
TNS   : 0.000

Type  : Slow 1100mV 85C Model Minimum Pulse Width '\PLL_RTL:PLL_inst|pll_inst|altera_pll_i|general[1].gpll~PLL_OUTPUT_COUNTER|divclk'
Slack : 498.622
TNS   : 0.000

Type  : Slow 1100mV 0C Model Setup '\PLL_RTL:PLL_inst|pll_inst|altera_pll_i|general[0].gpll~PLL_OUTPUT_COUNTER|divclk'
Slack : -15.688
TNS   : -279.152

Type  : Slow 1100mV 0C Model Setup 'altera_reserved_tck'
Slack : 11.090
TNS   : 0.000

Type  : Slow 1100mV 0C Model Hold '\PLL_RTL:PLL_inst|pll_inst|altera_pll_i|general[0].gpll~PLL_OUTPUT_COUNTER|divclk'
Slack : 0.392
TNS   : 0.000

Type  : Slow 1100mV 0C Model Hold 'altera_reserved_tck'
Slack : 0.597
TNS   : 0.000

Type  : Slow 1100mV 0C Model Recovery 'altera_reserved_tck'
Slack : 30.175
TNS   : 0.000

Type  : Slow 1100mV 0C Model Removal 'altera_reserved_tck'
Slack : 0.963
TNS   : 0.000

Type  : Slow 1100mV 0C Model Minimum Pulse Width '\PLL_RTL:PLL_inst|pll_inst|altera_pll_i|general[0].gpll~FRACTIONAL_PLL|vcoph[0]'
Slack : 1.666
TNS   : 0.000

Type  : Slow 1100mV 0C Model Minimum Pulse Width '\PLL_RTL:PLL_inst|pll_inst|altera_pll_i|general[0].gpll~PLL_OUTPUT_COUNTER|divclk'
Slack : 3.575
TNS   : 0.000

Type  : Slow 1100mV 0C Model Minimum Pulse Width 'CLOCK_50'
Slack : 9.741
TNS   : 0.000

Type  : Slow 1100mV 0C Model Minimum Pulse Width 'altera_reserved_tck'
Slack : 15.095
TNS   : 0.000

Type  : Slow 1100mV 0C Model Minimum Pulse Width '\PLL_RTL:PLL_inst|pll_inst|altera_pll_i|general[1].gpll~PLL_OUTPUT_COUNTER|divclk'
Slack : 498.567
TNS   : 0.000

Type  : Fast 1100mV 85C Model Setup '\PLL_RTL:PLL_inst|pll_inst|altera_pll_i|general[0].gpll~PLL_OUTPUT_COUNTER|divclk'
Slack : -1.863
TNS   : -20.958

Type  : Fast 1100mV 85C Model Setup 'altera_reserved_tck'
Slack : 14.020
TNS   : 0.000

Type  : Fast 1100mV 85C Model Hold '\PLL_RTL:PLL_inst|pll_inst|altera_pll_i|general[0].gpll~PLL_OUTPUT_COUNTER|divclk'
Slack : 0.179
TNS   : 0.000

Type  : Fast 1100mV 85C Model Hold 'altera_reserved_tck'
Slack : 0.217
TNS   : 0.000

Type  : Fast 1100mV 85C Model Recovery 'altera_reserved_tck'
Slack : 31.363
TNS   : 0.000

Type  : Fast 1100mV 85C Model Removal 'altera_reserved_tck'
Slack : 0.427
TNS   : 0.000

Type  : Fast 1100mV 85C Model Minimum Pulse Width '\PLL_RTL:PLL_inst|pll_inst|altera_pll_i|general[0].gpll~FRACTIONAL_PLL|vcoph[0]'
Slack : 1.666
TNS   : 0.000

Type  : Fast 1100mV 85C Model Minimum Pulse Width '\PLL_RTL:PLL_inst|pll_inst|altera_pll_i|general[0].gpll~PLL_OUTPUT_COUNTER|divclk'
Slack : 3.894
TNS   : 0.000

Type  : Fast 1100mV 85C Model Minimum Pulse Width 'CLOCK_50'
Slack : 9.336
TNS   : 0.000

Type  : Fast 1100mV 85C Model Minimum Pulse Width 'altera_reserved_tck'
Slack : 14.969
TNS   : 0.000

Type  : Fast 1100mV 85C Model Minimum Pulse Width '\PLL_RTL:PLL_inst|pll_inst|altera_pll_i|general[1].gpll~PLL_OUTPUT_COUNTER|divclk'
Slack : 498.885
TNS   : 0.000

Type  : Fast 1100mV 0C Model Setup '\PLL_RTL:PLL_inst|pll_inst|altera_pll_i|general[0].gpll~PLL_OUTPUT_COUNTER|divclk'
Slack : -1.244
TNS   : -13.471

Type  : Fast 1100mV 0C Model Setup 'altera_reserved_tck'
Slack : 14.299
TNS   : 0.000

Type  : Fast 1100mV 0C Model Hold '\PLL_RTL:PLL_inst|pll_inst|altera_pll_i|general[0].gpll~PLL_OUTPUT_COUNTER|divclk'
Slack : 0.171
TNS   : 0.000

Type  : Fast 1100mV 0C Model Hold 'altera_reserved_tck'
Slack : 0.198
TNS   : 0.000

Type  : Fast 1100mV 0C Model Recovery 'altera_reserved_tck'
Slack : 31.549
TNS   : 0.000

Type  : Fast 1100mV 0C Model Removal 'altera_reserved_tck'
Slack : 0.381
TNS   : 0.000

Type  : Fast 1100mV 0C Model Minimum Pulse Width '\PLL_RTL:PLL_inst|pll_inst|altera_pll_i|general[0].gpll~FRACTIONAL_PLL|vcoph[0]'
Slack : 1.666
TNS   : 0.000

Type  : Fast 1100mV 0C Model Minimum Pulse Width '\PLL_RTL:PLL_inst|pll_inst|altera_pll_i|general[0].gpll~PLL_OUTPUT_COUNTER|divclk'
Slack : 3.895
TNS   : 0.000

Type  : Fast 1100mV 0C Model Minimum Pulse Width 'CLOCK_50'
Slack : 9.286
TNS   : 0.000

Type  : Fast 1100mV 0C Model Minimum Pulse Width 'altera_reserved_tck'
Slack : 15.018
TNS   : 0.000

Type  : Fast 1100mV 0C Model Minimum Pulse Width '\PLL_RTL:PLL_inst|pll_inst|altera_pll_i|general[1].gpll~PLL_OUTPUT_COUNTER|divclk'
Slack : 498.886
TNS   : 0.000

------------------------------------------------------------
